// Jest Snapshot v1, https://goo.gl/fbAQLP

exports[`AllArt Component should match snapshot 1`] = `
<ContextConsumer>
  <Component />
</ContextConsumer>
`;
