// Jest Snapshot v1, https://goo.gl/fbAQLP

exports[`App Component should match snapshot 1`] = `
<BrowserRouter>
  <div
    className="w-100 overflow-hidden"
  >
    <Connect(Menu) />
    <Routes />
    <Footer />
  </div>
</BrowserRouter>
`;
