// Jest Snapshot v1, https://goo.gl/fbAQLP

exports[`FeatureArrow Component should match snapshot 1`] = `
<div
  className="slide-arrow right"
  onClick={[Function]}
>
  &#9654;
</div>
`;
