// Jest Snapshot v1, https://goo.gl/fbAQLP

exports[`FeatureButton Component should match snapshot 1`] = `
<button
  className="cardactive"
>
  active
</button>
`;
