// Jest Snapshot v1, https://goo.gl/fbAQLP

exports[`Routes Component should match snapshot 1`] = `
<Switch>
  <Route
    component={[Function]}
    exact={true}
    path="/"
  />
  <Route
    component={[Function]}
    path="/art/:category"
  />
  <Connect(GuestRoute)
    component={[Function]}
    exact={true}
    path="/login"
  />
  <Connect(PrivateRoute)
    component={[Function]}
    path="/profile"
  />
  <Route
    component={[Function]}
  />
</Switch>
`;
