// Jest Snapshot v1, https://goo.gl/fbAQLP

exports[`SideBar Component should match snapshot 1`] = `
<MemoryRouter>
  <Router
    history={
      Object {
        "action": "POP",
        "block": [Function],
        "canGo": [Function],
        "createHref": [Function],
        "entries": Array [
          Object {
            "hash": "",
            "key": "tdu28q",
            "pathname": "/",
            "search": "",
            "state": undefined,
          },
        ],
        "go": [Function],
        "goBack": [Function],
        "goForward": [Function],
        "index": 0,
        "length": 1,
        "listen": [Function],
        "location": Object {
          "hash": "",
          "key": "tdu28q",
          "pathname": "/",
          "search": "",
          "state": undefined,
        },
        "push": [Function],
        "replace": [Function],
      }
    }
  >
    <SideBar
      auth={
        Object {
          "user": Object {
            "id": 7,
          },
        }
      }
      editProfile={[Function]}
      getUserArts={[Function]}
      getUserProfile={[Function]}
      user={
        Object {
          "isGettingArts": false,
          "userArts": Array [
            Object {
              "Category": Object {
                "categoryName": "Poetry",
              },
              "description": "some descriptions",
              "featuredImg": "image.url",
              "slug": "isuguixu",
              "title": "some title",
            },
          ],
          "userProfile": Object {
            "id": 7,
            "profile": Object {
              "bio": "my bio",
              "firstName": "Juliet",
              "imgURL": "img.URL",
              "lastName": "Ezekwe",
            },
            "userType": "artist",
          },
        }
      }
    >
      <div
        className="wrapper"
      >
        <nav
          id="sidebar"
        >
          <ul
            className="list-unstyled components"
          >
            <li
              className="active"
            >
              <a
                className="side"
              >
                <i
                  className="fa fa-user"
                />
                 My Page
              </a>
            </li>
            <li>
              <a
                className="side"
              >
                <i
                  className="fa fa-cog"
                />
                 Settings
              </a>
            </li>
          </ul>
        </nav>
        <div
          className="clear-fix"
        />
      </div>
    </SideBar>
  </Router>
</MemoryRouter>
`;
